// Jest Snapshot v1, https://goo.gl/fbAQLP

exports[`Should FilmCard render correctly 1`] = `
<div>
  <article
    class="small-movie-card catalog__movies-card"
  >
    <video
      class="small-movie-card__image"
      height="100%"
      poster="testImage"
      width="100%"
    >
      <source
        src="testVide"
        type="video/mp4"
      />
    </video>
    <h3
      class="small-movie-card__title"
    >
      <a
        class="small-movie-card__link"
        href="/films/12"
      >
        testRender
      </a>
    </h3>
  </article>
</div>
`;
