// Jest Snapshot v1, https://goo.gl/fbAQLP

exports[`Should TabDetails render correctly 1`] = `
<div>
  <div
    class="movie-card__text movie-card__row"
  >
    <div
      class="movie-card__text-col"
    >
      <p
        class="movie-card__details-item"
      >
        <strong
          class="movie-card__details-name"
        >
          Director
        </strong>
        <span
          class="movie-card__details-value"
        >
          Wes Andreson
        </span>
      </p>
      <p
        class="movie-card__details-item"
      >
        <strong
          class="movie-card__details-name"
        >
          Starring
        </strong>
        <span
          class="movie-card__details-value"
        >
          Bill Murray, 
          <br />
          Edward Norton, 
          <br />
          Jude Law, 
          <br />
          Willem Dafoe, 
          <br />
          Saoirse Ronan, 
          <br />
          Tony Revoloru, 
          <br />
          Tilda Swinton, 
          <br />
          Tom Wilkinson, 
          <br />
          Owen Wilkinson, 
          <br />
          Adrien Brody, 
          <br />
          Ralph Fiennes, 
          <br />
          Jeff Goldblum
        </span>
      </p>
    </div>
    <div
      class="movie-card__text-col"
    >
      <p
        class="movie-card__details-item"
      >
        <strong
          class="movie-card__details-name"
        >
          Run Time
        </strong>
        <span
          class="movie-card__details-value"
        >
          1h 39m
        </span>
      </p>
      <p
        class="movie-card__details-item"
      >
        <strong
          class="movie-card__details-name"
        >
          Genre
        </strong>
        <span
          class="movie-card__details-value"
        >
          Comedy
        </span>
      </p>
      <p
        class="movie-card__details-item"
      >
        <strong
          class="movie-card__details-name"
        >
          Released
        </strong>
        <span
          class="movie-card__details-value"
        >
          2014
        </span>
      </p>
    </div>
  </div>
</div>
`;
